Archive member included to satisfy reference by file (symbol)

C:/ST/STM32CubeIDE_1.13.2/STM32CubeIDE/plugins/com.st.stm32cube.ide.mcu.externaltools.gnu-tools-for-stm32.11.3.rel1.win32_1.1.1.202309131626/tools/bin/../lib/gcc/arm-none-eabi/11.3.1/../../../../arm-none-eabi/lib/thumb/v7e-m+fp/hard\libc_nano.a(libc_a-exit.o)
                              C:/ST/STM32CubeIDE_1.13.2/STM32CubeIDE/plugins/com.st.stm32cube.ide.mcu.externaltools.gnu-tools-for-stm32.11.3.rel1.win32_1.1.1.202309131626/tools/bin/../lib/gcc/arm-none-eabi/11.3.1/../../../../arm-none-eabi/lib/thumb/v7e-m+fp/hard/crt0.o (exit)
C:/ST/STM32CubeIDE_1.13.2/STM32CubeIDE/plugins/com.st.stm32cube.ide.mcu.externaltools.gnu-tools-for-stm32.11.3.rel1.win32_1.1.1.202309131626/tools/bin/../lib/gcc/arm-none-eabi/11.3.1/../../../../arm-none-eabi/lib/thumb/v7e-m+fp/hard\libc_nano.a(libc_a-findfp.o)
                              C:/ST/STM32CubeIDE_1.13.2/STM32CubeIDE/plugins/com.st.stm32cube.ide.mcu.externaltools.gnu-tools-for-stm32.11.3.rel1.win32_1.1.1.202309131626/tools/bin/../lib/gcc/arm-none-eabi/11.3.1/../../../../arm-none-eabi/lib/thumb/v7e-m+fp/hard\libc_nano.a(libc_a-exit.o) (__stdio_exit_handler)
C:/ST/STM32CubeIDE_1.13.2/STM32CubeIDE/plugins/com.st.stm32cube.ide.mcu.externaltools.gnu-tools-for-stm32.11.3.rel1.win32_1.1.1.202309131626/tools/bin/../lib/gcc/arm-none-eabi/11.3.1/../../../../arm-none-eabi/lib/thumb/v7e-m+fp/hard\libc_nano.a(libc_a-fwalk.o)
                              C:/ST/STM32CubeIDE_1.13.2/STM32CubeIDE/plugins/com.st.stm32cube.ide.mcu.externaltools.gnu-tools-for-stm32.11.3.rel1.win32_1.1.1.202309131626/tools/bin/../lib/gcc/arm-none-eabi/11.3.1/../../../../arm-none-eabi/lib/thumb/v7e-m+fp/hard\libc_nano.a(libc_a-findfp.o) (_fwalk_sglue)
C:/ST/STM32CubeIDE_1.13.2/STM32CubeIDE/plugins/com.st.stm32cube.ide.mcu.externaltools.gnu-tools-for-stm32.11.3.rel1.win32_1.1.1.202309131626/tools/bin/../lib/gcc/arm-none-eabi/11.3.1/../../../../arm-none-eabi/lib/thumb/v7e-m+fp/hard\libc_nano.a(libc_a-stdio.o)
                              C:/ST/STM32CubeIDE_1.13.2/STM32CubeIDE/plugins/com.st.stm32cube.ide.mcu.externaltools.gnu-tools-for-stm32.11.3.rel1.win32_1.1.1.202309131626/tools/bin/../lib/gcc/arm-none-eabi/11.3.1/../../../../arm-none-eabi/lib/thumb/v7e-m+fp/hard\libc_nano.a(libc_a-findfp.o) (__sread)
C:/ST/STM32CubeIDE_1.13.2/STM32CubeIDE/plugins/com.st.stm32cube.ide.mcu.externaltools.gnu-tools-for-stm32.11.3.rel1.win32_1.1.1.202309131626/tools/bin/../lib/gcc/arm-none-eabi/11.3.1/../../../../arm-none-eabi/lib/thumb/v7e-m+fp/hard\libc_nano.a(libc_a-memset.o)
                              C:/ST/STM32CubeIDE_1.13.2/STM32CubeIDE/plugins/com.st.stm32cube.ide.mcu.externaltools.gnu-tools-for-stm32.11.3.rel1.win32_1.1.1.202309131626/tools/bin/../lib/gcc/arm-none-eabi/11.3.1/../../../../arm-none-eabi/lib/thumb/v7e-m+fp/hard/crt0.o (memset)
C:/ST/STM32CubeIDE_1.13.2/STM32CubeIDE/plugins/com.st.stm32cube.ide.mcu.externaltools.gnu-tools-for-stm32.11.3.rel1.win32_1.1.1.202309131626/tools/bin/../lib/gcc/arm-none-eabi/11.3.1/../../../../arm-none-eabi/lib/thumb/v7e-m+fp/hard\libc_nano.a(libc_a-closer.o)
                              C:/ST/STM32CubeIDE_1.13.2/STM32CubeIDE/plugins/com.st.stm32cube.ide.mcu.externaltools.gnu-tools-for-stm32.11.3.rel1.win32_1.1.1.202309131626/tools/bin/../lib/gcc/arm-none-eabi/11.3.1/../../../../arm-none-eabi/lib/thumb/v7e-m+fp/hard\libc_nano.a(libc_a-stdio.o) (_close_r)
C:/ST/STM32CubeIDE_1.13.2/STM32CubeIDE/plugins/com.st.stm32cube.ide.mcu.externaltools.gnu-tools-for-stm32.11.3.rel1.win32_1.1.1.202309131626/tools/bin/../lib/gcc/arm-none-eabi/11.3.1/../../../../arm-none-eabi/lib/thumb/v7e-m+fp/hard\libc_nano.a(libc_a-reent.o)
                              C:/ST/STM32CubeIDE_1.13.2/STM32CubeIDE/plugins/com.st.stm32cube.ide.mcu.externaltools.gnu-tools-for-stm32.11.3.rel1.win32_1.1.1.202309131626/tools/bin/../lib/gcc/arm-none-eabi/11.3.1/../../../../arm-none-eabi/lib/thumb/v7e-m+fp/hard\libc_nano.a(libc_a-closer.o) (errno)
C:/ST/STM32CubeIDE_1.13.2/STM32CubeIDE/plugins/com.st.stm32cube.ide.mcu.externaltools.gnu-tools-for-stm32.11.3.rel1.win32_1.1.1.202309131626/tools/bin/../lib/gcc/arm-none-eabi/11.3.1/../../../../arm-none-eabi/lib/thumb/v7e-m+fp/hard\libc_nano.a(libc_a-impure.o)
                              C:/ST/STM32CubeIDE_1.13.2/STM32CubeIDE/plugins/com.st.stm32cube.ide.mcu.externaltools.gnu-tools-for-stm32.11.3.rel1.win32_1.1.1.202309131626/tools/bin/../lib/gcc/arm-none-eabi/11.3.1/../../../../arm-none-eabi/lib/thumb/v7e-m+fp/hard\libc_nano.a(libc_a-reent.o) (_impure_ptr)
C:/ST/STM32CubeIDE_1.13.2/STM32CubeIDE/plugins/com.st.stm32cube.ide.mcu.externaltools.gnu-tools-for-stm32.11.3.rel1.win32_1.1.1.202309131626/tools/bin/../lib/gcc/arm-none-eabi/11.3.1/../../../../arm-none-eabi/lib/thumb/v7e-m+fp/hard\libc_nano.a(libc_a-lseekr.o)
[...]
Memory Configuration

Name             Origin             Length             Attributes
RAM              0x0000000020000000 0x0000000000018000 xrw
RAM2             0x0000000010000000 0x0000000000008000 xrw
FLASH            0x0000000008000000 0x0000000000100000 xr
*default*        0x0000000000000000 0xffffffffffffffff

Linker script and memory map

LOAD C:/ST/STM32CubeIDE_1.13.2/STM32CubeIDE/plugins/com.st.stm32cube.ide.mcu.externaltools.gnu-tools-for-stm32.11.3.rel1.win32_1.1.1.202309131626/tools/bin/../lib/gcc/arm-none-eabi/11.3.1/thumb/v7e-m+fp/hard/crti.o
LOAD C:/ST/STM32CubeIDE_1.13.2/STM32CubeIDE/plugins/com.st.stm32cube.ide.mcu.externaltools.gnu-tools-for-stm32.11.3.rel1.win32_1.1.1.202309131626/tools/bin/../lib/gcc/arm-none-eabi/11.3.1/thumb/v7e-m+fp/hard/crtbegin.o
LOAD C:/ST/STM32CubeIDE_1.13.2/STM32CubeIDE/plugins/com.st.stm32cube.ide.mcu.externaltools.gnu-tools-for-stm32.11.3.rel1.win32_1.1.1.202309131626/tools/bin/../lib/gcc/arm-none-eabi/11.3.1/../../../../arm-none-eabi/lib/thumb/v7e-m+fp/hard/crt0.o
LOAD ./Core/Src/main.o
LOAD ./Core/Src/stm32l4xx_hal_msp.o
LOAD ./Core/Src/stm32l4xx_it.o
LOAD ./Core/Src/syscalls.o
LOAD ./Core/Src/sysmem.o
LOAD ./Core/Src/system_stm32l4xx.o
LOAD ./Core/Startup/startup_stm32l476rgtx.o
LOAD ./Core/objects/input.o
LOAD ./Core/objects/screen.o
LOAD ./Drivers/STM32L4xx_HAL_Driver/Src/stm32l4xx_hal.o
LOAD ./Drivers/STM32L4xx_HAL_Driver/Src/stm32l4xx_hal_adc.o
LOAD ./Drivers/STM32L4xx_HAL_Driver/Src/stm32l4xx_hal_adc_ex.o
LOAD ./Drivers/STM32L4xx_HAL_Driver/Src/stm32l4xx_hal_cortex.o
LOAD ./Drivers/STM32L4xx_HAL_Driver/Src/stm32l4xx_hal_dma.o
LOAD ./Drivers/STM32L4xx_HAL_Driver/Src/stm32l4xx_hal_dma_ex.o
LOAD ./Drivers/STM32L4xx_HAL_Driver/Src/stm32l4xx_hal_exti.o
LOAD ./Drivers/STM32L4xx_HAL_Driver/Src/stm32l4xx_hal_flash.o
LOAD ./Drivers/STM32L4xx_HAL_Driver/Src/stm32l4xx_hal_flash_ex.o
LOAD ./Drivers/STM32L4xx_HAL_Driver/Src/stm32l4xx_hal_flash_ramfunc.o
LOAD ./Drivers/STM32L4xx_HAL_Driver/Src/stm32l4xx_hal_gpio.o
LOAD ./Drivers/STM32L4xx_HAL_Driver/Src/stm32l4xx_hal_pwr.o
LOAD ./Drivers/STM32L4xx_HAL_Driver/Src/stm32l4xx_hal_pwr_ex.o
LOAD ./Drivers/STM32L4xx_HAL_Driver/Src/stm32l4xx_hal_rcc.o
LOAD ./Drivers/STM32L4xx_HAL_Driver/Src/stm32l4xx_hal_rcc_ex.o
LOAD ./Drivers/STM32L4xx_HAL_Driver/Src/stm32l4xx_hal_spi.o
LOAD ./Drivers/STM32L4xx_HAL_Driver/Src/stm32l4xx_hal_spi_ex.o
LOAD ./Drivers/STM32L4xx_HAL_Driver/Src/stm32l4xx_hal_tim.o
LOAD ./Drivers/STM32L4xx_HAL_Driver/Src/stm32l4xx_hal_tim_ex.o
START GROUP
LOAD C:/ST/STM32CubeIDE_1.13.2/STM32CubeIDE/plugins/com.st.stm32cube.ide.mcu.externaltools.gnu-tools-for-stm32.11.3.rel1.win32_1.1.1.202309131626/tools/bin/../lib/gcc/arm-none-eabi/11.3.1/../../../../arm-none-eabi/lib/thumb/v7e-m+fp/hard\libstdc++_nano.a
LOAD C:/ST/STM32CubeIDE_1.13.2/STM32CubeIDE/plugins/com.st.stm32cube.ide.mcu.externaltools.gnu-tools-for-stm32.11.3.rel1.win32_1.1.1.202309131626/tools/bin/../lib/gcc/arm-none-eabi/11.3.1/../../../../arm-none-eabi/lib/thumb/v7e-m+fp/hard\libsupc++_nano.a
END GROUP
LOAD C:/ST/STM32CubeIDE_1.13.2/STM32CubeIDE/plugins/com.st.stm32cube.ide.mcu.externaltools.gnu-tools-for-stm32.11.3.rel1.win32_1.1.1.202309131626/tools/bin/../lib/gcc/arm-none-eabi/11.3.1/../../../../arm-none-eabi/lib/thumb/v7e-m+fp/hard\libstdc++_nano.a
LOAD C:/ST/STM32CubeIDE_1.13.2/STM32CubeIDE/plugins/com.st.stm32cube.ide.mcu.externaltools.gnu-tools-for-stm32.11.3.rel1.win32_1.1.1.202309131626/tools/bin/../lib/gcc/arm-none-eabi/11.3.1/../../../../arm-none-eabi/lib/thumb/v7e-m+fp/hard\libm.a
LOAD C:/ST/STM32CubeIDE_1.13.2/STM32CubeIDE/plugins/com.st.stm32cube.ide.mcu.externaltools.gnu-tools-for-stm32.11.3.rel1.win32_1.1.1.202309131626/tools/bin/../lib/gcc/arm-none-eabi/11.3.1/../../../../arm-none-eabi/lib/thumb/v7e-m+fp/hard\libc_nano.a
START GROUP
LOAD C:/ST/STM32CubeIDE_1.13.2/STM32CubeIDE/plugins/com.st.stm32cube.ide.mcu.externaltools.gnu-tools-for-stm32.11.3.rel1.win32_1.1.1.202309131626/tools/bin/../lib/gcc/arm-none-eabi/11.3.1/thumb/v7e-m+fp/hard\libgcc.a
LOAD C:/ST/STM32CubeIDE_1.13.2/STM32CubeIDE/plugins/com.st.stm32cube.ide.mcu.externaltools.gnu-tools-for-stm32.11.3.rel1.win32_1.1.1.202309131626/tools/bin/../lib/gcc/arm-none-eabi/11.3.1/../../../../arm-none-eabi/lib/thumb/v7e-m+fp/hard\libc_nano.a
END GROUP
START GROUP
LOAD C:/ST/STM32CubeIDE_1.13.2/STM32CubeIDE/plugins/com.st.stm32cube.ide.mcu.externaltools.gnu-tools-for-stm32.11.3.rel1.win32_1.1.1.202309131626/tools/bin/../lib/gcc/arm-none-eabi/11.3.1/thumb/v7e-m+fp/hard\libgcc.a
LOAD C:/ST/STM32CubeIDE_1.13.2/STM32CubeIDE/plugins/com.st.stm32cube.ide.mcu.externaltools.gnu-tools-for-stm32.11.3.rel1.win32_1.1.1.202309131626/tools/bin/../lib/gcc/arm-none-eabi/11.3.1/../../../../arm-none-eabi/lib/thumb/v7e-m+fp/hard\libc_nano.a
LOAD C:/ST/STM32CubeIDE_1.13.2/STM32CubeIDE/plugins/com.st.stm32cube.ide.mcu.externaltools.gnu-tools-for-stm32.11.3.rel1.win32_1.1.1.202309131626/tools/bin/../lib/gcc/arm-none-eabi/11.3.1/../../../../arm-none-eabi/lib/thumb/v7e-m+fp/hard\libnosys.a
END GROUP
START GROUP
LOAD C:/ST/STM32CubeIDE_1.13.2/STM32CubeIDE/plugins/com.st.stm32cube.ide.mcu.externaltools.gnu-tools-for-stm32.11.3.rel1.win32_1.1.1.202309131626/tools/bin/../lib/gcc/arm-none-eabi/11.3.1/thumb/v7e-m+fp/hard\libgcc.a
LOAD C:/ST/STM32CubeIDE_1.13.2/STM32CubeIDE/plugins/com.st.stm32cube.ide.mcu.externaltools.gnu-tools-for-stm32.11.3.rel1.win32_1.1.1.202309131626/tools/bin/../lib/gcc/arm-none-eabi/11.3.1/../../../../arm-none-eabi/lib/thumb/v7e-m+fp/hard\libc_nano.a
LOAD C:/ST/STM32CubeIDE_1.13.2/STM32CubeIDE/plugins/com.st.stm32cube.ide.mcu.externaltools.gnu-tools-for-stm32.11.3.rel1.win32_1.1.1.202309131626/tools/bin/../lib/gcc/arm-none-eabi/11.3.1/../../../../arm-none-eabi/lib/thumb/v7e-m+fp/hard\libnosys.a
END GROUP
LOAD C:/ST/STM32CubeIDE_1.13.2/STM32CubeIDE/plugins/com.st.stm32cube.ide.mcu.externaltools.gnu-tools-for-stm32.11.3.rel1.win32_1.1.1.202309131626/tools/bin/../lib/gcc/arm-none-eabi/11.3.1/thumb/v7e-m+fp/hard/crtend.o
LOAD C:/ST/STM32CubeIDE_1.13.2/STM32CubeIDE/plugins/com.st.stm32cube.ide.mcu.externaltools.gnu-tools-for-stm32.11.3.rel1.win32_1.1.1.202309131626/tools/bin/../lib/gcc/arm-none-eabi/11.3.1/thumb/v7e-m+fp/hard/crtn.o
                0x0000000020018000                _estack = (ORIGIN (RAM) + LENGTH (RAM))
                0x0000000000000200                _Min_Heap_Size = 0x200
                0x0000000000000400                _Min_Stack_Size = 0x400

.isr_vector     0x0000000008000000      0x188
                0x0000000008000000                . = ALIGN (0x4)
 *(.isr_vector)
 .isr_vector    0x0000000008000000      0x188 ./Core/Startup/startup_stm32l476rgtx.o
                0x0000000008000000                g_pfnVectors
                0x0000000008000188                . = ALIGN (0x4)

.text           0x0000000008000188     0x4cb4
                0x0000000008000188                . = ALIGN (0x4)
 *(.text)
 .text          0x0000000008000188       0x40 C:/ST/STM32CubeIDE_1.13.2/STM32CubeIDE/plugins/com.st.stm32cube.ide.mcu.externaltools.gnu-tools-for-stm32.11.3.rel1.win32_1.1.1.202309131626/tools/bin/../lib/gcc/arm-none-eabi/11.3.1/thumb/v7e-m+fp/hard/crtbegin.o
 *(.text*)
 .text._ZN6ScreenC2ER19__SPI_HandleTypeDef
                0x00000000080001c8       0x6c ./Core/Src/main.o
                0x00000000080001c8                Screen::Screen(__SPI_HandleTypeDef&)
                0x00000000080001c8                Screen::Screen(__SPI_HandleTypeDef&)
 .text._ZN5InputC2ER17ADC_HandleTypeDefS1_
                0x0000000008000234       0x26 ./Core/Src/main.o
                0x0000000008000234                Input::Input(ADC_HandleTypeDef&, ADC_HandleTypeDef&)
                0x0000000008000234                Input::Input(ADC_HandleTypeDef&, ADC_HandleTypeDef&)
 *fill*         0x000000000800025a        0x2 
 .text.main     0x000000000800025c      0x17c ./Core/Src/main.o
                0x000000000800025c                main
 .text._Z18SystemClock_Configv
                0x00000000080003d8       0xc0 ./Core/Src/main.o
                0x00000000080003d8                SystemClock_Config()
 .text._Z24PeriphCommonClock_Configv
                0x0000000008000498       0x60 ./Core/Src/main.o
                0x0000000008000498                PeriphCommonClock_Config()
 .text._ZL12MX_ADC1_Initv
                0x00000000080004f8      0x10c ./Core/Src/main.o
 .text._ZL12MX_ADC3_Initv
                0x0000000008000604       0xdc ./Core/Src/main.o
 .text._ZL12MX_SPI1_Initv
                0x00000000080006e0       0x84 ./Core/Src/main.o
 .text._ZL13MX_TIM16_Initv
                0x0000000008000764       0x58 ./Core/Src/main.o
 .text._ZL12MX_GPIO_Initv
                0x00000000080007bc       0xd8 ./Core/Src/main.o
 .text.HAL_TIM_PeriodElapsedCallback
                0x0000000008000894       0x50 ./Core/Src/main.o
                0x0000000008000894                HAL_TIM_PeriodElapsedCallback
 .text.Error_Handler
                0x00000000080008e4        0xa ./Core/Src/main.o
                0x00000000080008e4                Error_Handler
 *fill*         0x00000000080008ee        0x2 
 .text._Z41__static_initialization_and_destruction_0ii
                0x00000000080008f0       0x48 ./Core/Src/main.o
 .text._GLOBAL__sub_I_hadc1
                0x0000000008000938       0x10 ./Core/Src/main.o
 .text.HAL_MspInit
                0x0000000008000948       0x48 ./Core/Src/stm32l4xx_hal_msp.o
                0x0000000008000948                HAL_MspInit
 .text.HAL_ADC_MspInit
                0x0000000008000990      0x100 ./Core/Src/stm32l4xx_hal_msp.o
                0x0000000008000990                HAL_ADC_MspInit
 .text.HAL_SPI_MspInit
                0x0000000008000a90       0x84 ./Core/Src/stm32l4xx_hal_msp.o
                0x0000000008000a90                HAL_SPI_MspInit
 .text.HAL_TIM_Base_MspInit
                0x0000000008000b14       0x4c ./Core/Src/stm32l4xx_hal_msp.o
                0x0000000008000b14                HAL_TIM_Base_MspInit
 .text.NMI_Handler
                0x0000000008000b60        0x6 ./Core/Src/stm32l4xx_it.o
                0x0000000008000b60                NMI_Handler
 .text.HardFault_Handler
                0x0000000008000b66        0x6 ./Core/Src/stm32l4xx_it.o
                0x0000000008000b66                HardFault_Handler
 .text.MemManage_Handler
                0x0000000008000b6c        0x6 ./Core/Src/stm32l4xx_it.o
                0x0000000008000b6c                MemManage_Handler
 .text.BusFault_Handler
                0x0000000008000b72        0x6 ./Core/Src/stm32l4xx_it.o
                0x0000000008000b72                BusFault_Handler
 .text.UsageFault_Handler
                0x0000000008000b78        0x6 ./Core/Src/stm32l4xx_it.o
                0x0000000008000b78                UsageFault_Handler
 .text.SVC_Handler
                0x0000000008000b7e        0xe ./Core/Src/stm32l4xx_it.o
                0x0000000008000b7e                SVC_Handler
 .text.DebugMon_Handler
                0x0000000008000b8c        0xe ./Core/Src/stm32l4xx_it.o
                0x0000000008000b8c                DebugMon_Handler
 .text.PendSV_Handler
                0x0000000008000b9a        0xe ./Core/Src/stm32l4xx_it.o
                0x0000000008000b9a                PendSV_Handler
 .text.SysTick_Handler
                0x0000000008000ba8        0xc ./Core/Src/stm32l4xx_it.o
                0x0000000008000ba8                SysTick_Handler
 .text.TIM1_UP_TIM16_IRQHandler
                0x0000000008000bb4       0x14 ./Core/Src/stm32l4xx_it.o
                0x0000000008000bb4                TIM1_UP_TIM16_IRQHandler
 .text.SystemInit
                0x0000000008000bc8       0x24 ./Core/Src/system_stm32l4xx.o
                0x0000000008000bc8                SystemInit
 .text.Reset_Handler
                0x0000000008000bec       0x50 ./Core/Startup/startup_stm32l476rgtx.o
                0x0000000008000bec                Reset_Handler
 .text.Default_Handler
                0x0000000008000c3c        0x2 ./Core/Startup/startup_stm32l476rgtx.o
                0x0000000008000c3c                RTC_Alarm_IRQHandler
                0x0000000008000c3c                EXTI2_IRQHandler
                0x0000000008000c3c                TIM8_TRG_COM_IRQHandler
                0x0000000008000c3c                TIM8_CC_IRQHandler
                0x0000000008000c3c                TIM1_CC_IRQHandler
                0x0000000008000c3c                TSC_IRQHandler
                0x0000000008000c3c                TAMP_STAMP_IRQHandler
                0x0000000008000c3c                EXTI3_IRQHandler
                0x0000000008000c3c                LPTIM2_IRQHandler
                0x0000000008000c3c                DFSDM1_FLT1_IRQHandler
                0x0000000008000c3c                I2C3_ER_IRQHandler
                0x0000000008000c3c                DFSDM1_FLT2_IRQHandler
                0x0000000008000c3c                EXTI0_IRQHandler
                0x0000000008000c3c                I2C2_EV_IRQHandler
                0x0000000008000c3c                CAN1_RX0_IRQHandler
                0x0000000008000c3c                FPU_IRQHandler
                0x0000000008000c3c                ADC1_2_IRQHandler
                0x0000000008000c3c                SPI1_IRQHandler
                0x0000000008000c3c                TIM6_DAC_IRQHandler
                0x0000000008000c3c                TIM8_UP_IRQHandler
                0x0000000008000c3c                DMA2_Channel2_IRQHandler
                0x0000000008000c3c                DMA1_Channel4_IRQHandler
                0x0000000008000c3c                SAI2_IRQHandler
                0x0000000008000c3c                DFSDM1_FLT3_IRQHandler
                0x0000000008000c3c                USART3_IRQHandler
                0x0000000008000c3c                DMA1_Channel7_IRQHandler
                0x0000000008000c3c                CAN1_RX1_IRQHandler
                0x0000000008000c3c                LCD_IRQHandler
                0x0000000008000c3c                UART5_IRQHandler
                0x0000000008000c3c                ADC3_IRQHandler
                0x0000000008000c3c                TIM4_IRQHandler
                0x0000000008000c3c                DMA2_Channel1_IRQHandler
                0x0000000008000c3c                QUADSPI_IRQHandler
                0x0000000008000c3c                I2C1_EV_IRQHandler
                0x0000000008000c3c                DMA1_Channel6_IRQHandler
                0x0000000008000c3c                UART4_IRQHandler
                0x0000000008000c3c                DMA2_Channel4_IRQHandler
                0x0000000008000c3c                TIM3_IRQHandler
                0x0000000008000c3c                RCC_IRQHandler
                0x0000000008000c3c                DMA1_Channel1_IRQHandler
                0x0000000008000c3c                Default_Handler
                0x0000000008000c3c                DMA2_Channel7_IRQHandler
                0x0000000008000c3c                EXTI15_10_IRQHandler
                0x0000000008000c3c                TIM7_IRQHandler
                0x0000000008000c3c                SDMMC1_IRQHandler
                0x0000000008000c3c                TIM5_IRQHandler
                0x0000000008000c3c                I2C3_EV_IRQHandler
                0x0000000008000c3c                EXTI9_5_IRQHandler
                0x0000000008000c3c                RTC_WKUP_IRQHandler
                0x0000000008000c3c                PVD_PVM_IRQHandler
                0x0000000008000c3c                SPI2_IRQHandler
                0x0000000008000c3c                CAN1_TX_IRQHandler
                0x0000000008000c3c                DMA2_Channel5_IRQHandler
                0x0000000008000c3c                DMA1_Channel5_IRQHandler
                0x0000000008000c3c                EXTI4_IRQHandler
                0x0000000008000c3c                RNG_IRQHandler
                0x0000000008000c3c                TIM1_TRG_COM_TIM17_IRQHandler
                0x0000000008000c3c                DMA1_Channel3_IRQHandler
                0x0000000008000c3c                COMP_IRQHandler
                0x0000000008000c3c                WWDG_IRQHandler
                0x0000000008000c3c                LPUART1_IRQHandler
                0x0000000008000c3c                DMA2_Channel6_IRQHandler
                0x0000000008000c3c                TIM2_IRQHandler
                0x0000000008000c3c                EXTI1_IRQHandler
                0x0000000008000c3c                USART2_IRQHandler
                0x0000000008000c3c                DFSDM1_FLT0_IRQHandler
                0x0000000008000c3c                I2C2_ER_IRQHandler
                0x0000000008000c3c                DMA1_Channel2_IRQHandler
                0x0000000008000c3c                TIM8_BRK_IRQHandler
                0x0000000008000c3c                CAN1_SCE_IRQHandler
                0x0000000008000c3c                FLASH_IRQHandler
                0x0000000008000c3c                USART1_IRQHandler
                0x0000000008000c3c                OTG_FS_IRQHandler
                0x0000000008000c3c                SPI3_IRQHandler
                0x0000000008000c3c                I2C1_ER_IRQHandler
                0x0000000008000c3c                FMC_IRQHandler
                0x0000000008000c3c                SWPMI1_IRQHandler
                0x0000000008000c3c                LPTIM1_IRQHandler
                0x0000000008000c3c                SAI1_IRQHandler
                0x0000000008000c3c                DMA2_Channel3_IRQHandler
                0x0000000008000c3c                TIM1_BRK_TIM15_IRQHandler
 .text._ZN5Input15getXMeasurementEv
                0x0000000008000c3e       0x1e ./Core/objects/input.o
                0x0000000008000c3e                Input::getXMeasurement()
 .text._ZN5Input15getYMeasurementEv
                0x0000000008000c5c       0x1e ./Core/objects/input.o
                0x0000000008000c5c                Input::getYMeasurement()
 .text._ZN5Input10inputStartEv
                0x0000000008000c7a       0x24 ./Core/objects/input.o
                0x0000000008000c7a                Input::inputStart()
 .text._ZN5Input6isLeftEv
                0x0000000008000c9e       0x32 ./Core/objects/input.o
                0x0000000008000c9e                Input::isLeft()
 .text._ZN5Input7isRightEv
                0x0000000008000cd0       0x2e ./Core/objects/input.o
                0x0000000008000cd0                Input::isRight()
 .text._ZN5Input6isDownEv
                0x0000000008000cfe       0x2e ./Core/objects/input.o
                0x0000000008000cfe                Input::isDown()
 .text._ZN5Input4isUpEv
                0x0000000008000d2c       0x32 ./Core/objects/input.o
                0x0000000008000d2c                Input::isUp()
 .text._ZN6Screen10initScreenEv
                0x0000000008000d5e       0x1c ./Core/objects/screen.o
                0x0000000008000d5e                Screen::initScreen()
 *fill*         0x0000000008000d7a        0x2 
 .text._ZN6Screen8setPixelEii
                0x0000000008000d7c       0x74 ./Core/objects/screen.o
                0x0000000008000d7c                Screen::setPixel(int, int)
 .text._ZN6Screen11clearScreenEv
                0x0000000008000df0       0x5a ./Core/objects/screen.o
                0x0000000008000df0                Screen::clearScreen()
 .text._ZN6Screen13displayScreenEi
                0x0000000008000e4a       0x74 ./Core/objects/screen.o
                0x0000000008000e4a                Screen::displayScreen(int)
 .text._ZN6Screen15displayGameOverEi
                0x0000000008000ebe       0xf8 ./Core/objects/screen.o
                0x0000000008000ebe                Screen::displayGameOver(int)
 *fill*         0x0000000008000fb6        0x2 
 .text._ZN6Screen10pixelTakenEii
                0x0000000008000fb8       0x68 ./Core/objects/screen.o
                0x0000000008000fb8                Screen::pixelTaken(int, int)
 .text._ZN6Screen12displayScoreEi
                0x0000000008001020       0x5c ./Core/objects/screen.o
                0x0000000008001020                Screen::displayScore(int)
 .text._ZN6Screen9SPI_writeEh
                0x000000000800107c       0x40 ./Core/objects/screen.o
                0x000000000800107c                Screen::SPI_write(unsigned char)
 .text._ZN6Screen15GLCD_data_writeEh
                0x00000000080010bc       0x2a ./Core/objects/screen.o
                0x00000000080010bc                Screen::GLCD_data_write(unsigned char)
 .text._ZN6Screen18GLCD_command_writeEh
                0x00000000080010e6       0x2a ./Core/objects/screen.o
                0x00000000080010e6                Screen::GLCD_command_write(unsigned char)
 .text._ZN6Screen9GLCD_initEv
                0x0000000008001110       0x68 ./Core/objects/screen.o
                0x0000000008001110                Screen::GLCD_init()
 .text._ZN6Screen14GLCD_setCursorEhh
                0x0000000008001178       0x38 ./Core/objects/screen.o
                0x0000000008001178                Screen::GLCD_setCursor(unsigned char, unsigned char)
 .text._ZN6Screen10GLCD_clearEv
                0x00000000080011b0       0x36 ./Core/objects/screen.o
                0x00000000080011b0                Screen::GLCD_clear()
 *fill*         0x00000000080011e6        0x2 
 .text._ZN6Screen12GLCD_putcharEi
                0x00000000080011e8       0x48 ./Core/objects/screen.o
                0x00000000080011e8                Screen::GLCD_putchar(int)
 .text._ZN6Screen11GLCD_putnumEi
                0x0000000008001230       0x48 ./Core/objects/screen.o
                0x0000000008001230                Screen::GLCD_putnum(int)
 .text.HAL_Init
                0x0000000008001278       0x40 ./Drivers/STM32L4xx_HAL_Driver/Src/stm32l4xx_hal.o
                0x0000000008001278                HAL_Init
 .text.HAL_InitTick
                0x00000000080012b8       0x78 ./Drivers/STM32L4xx_HAL_Driver/Src/stm32l4xx_hal.o
                0x00000000080012b8                HAL_InitTick
 .text.HAL_IncTick
                0x0000000008001330       0x28 ./Drivers/STM32L4xx_HAL_Driver/Src/stm32l4xx_hal.o
                0x0000000008001330                HAL_IncTick
 .text.HAL_GetTick
                0x0000000008001358       0x18 ./Drivers/STM32L4xx_HAL_Driver/Src/stm32l4xx_hal.o
                0x0000000008001358                HAL_GetTick
 .text.HAL_Delay
                0x0000000008001370       0x48 ./Drivers/STM32L4xx_HAL_Driver/Src/stm32l4xx_hal.o
                0x0000000008001370                HAL_Delay
 .text.LL_ADC_SetCommonClock
                0x00000000080013b8       0x26 ./Drivers/STM32L4xx_HAL_Driver/Src/stm32l4xx_hal_adc.o
 .text.LL_ADC_SetCommonPathInternalCh
                0x00000000080013de       0x26 ./Drivers/STM32L4xx_HAL_Driver/Src/stm32l4xx_hal_adc.o
 .text.LL_ADC_GetCommonPathInternalCh
                0x0000000008001404       0x1c ./Drivers/STM32L4xx_HAL_Driver/Src/stm32l4xx_hal_adc.o
 .text.LL_ADC_SetOffset
                0x0000000008001420       0x48 ./Drivers/STM32L4xx_HAL_Driver/Src/stm32l4xx_hal_adc.o
 .text.LL_ADC_GetOffsetChannel
                0x0000000008001468       0x2c ./Drivers/STM32L4xx_HAL_Driver/Src/stm32l4xx_hal_adc.o
 .text.LL_ADC_SetOffsetState
                0x0000000008001494       0x36 ./Drivers/STM32L4xx_HAL_Driver/Src/stm32l4xx_hal_adc.o
 .text.LL_ADC_REG_SetSequencerRanks
                0x00000000080014ca       0x58 ./Drivers/STM32L4xx_HAL_Driver/Src/stm32l4xx_hal_adc.o
 .text.LL_ADC_SetChannelSamplingTime
                0x0000000008001522       0x56 ./Drivers/STM32L4xx_HAL_Driver/Src/stm32l4xx_hal_adc.o
 .text.LL_ADC_SetChannelSingleDiff
                0x0000000008001578       0x48 ./Drivers/STM32L4xx_HAL_Driver/Src/stm32l4xx_hal_adc.o
 .text.LL_ADC_GetMultimode
                0x00000000080015c0       0x1c ./Drivers/STM32L4xx_HAL_Driver/Src/stm32l4xx_hal_adc.o
 .text.LL_ADC_DisableDeepPowerDown
                0x00000000080015dc       0x24 ./Drivers/STM32L4xx_HAL_Driver/Src/stm32l4xx_hal_adc.o
 .text.LL_ADC_IsDeepPowerDownEnabled
                0x0000000008001600       0x28 ./Drivers/STM32L4xx_HAL_Driver/Src/stm32l4xx_hal_adc.o
 .text.LL_ADC_EnableInternalRegulator
                0x0000000008001628       0x28 ./Drivers/STM32L4xx_HAL_Driver/Src/stm32l4xx_hal_adc.o
 .text.LL_ADC_IsInternalRegulatorEnabled
                0x0000000008001650       0x28 ./Drivers/STM32L4xx_HAL_Driver/Src/stm32l4xx_hal_adc.o
 .text.LL_ADC_Enable
                0x0000000008001678       0x28 ./Drivers/STM32L4xx_HAL_Driver/Src/stm32l4xx_hal_adc.o
 .text.LL_ADC_IsEnabled
                0x00000000080016a0       0x26 ./Drivers/STM32L4xx_HAL_Driver/Src/stm32l4xx_hal_adc.o
 .text.LL_ADC_REG_StartConversion
                0x00000000080016c6       0x28 ./Drivers/STM32L4xx_HAL_Driver/Src/stm32l4xx_hal_adc.o
 .text.LL_ADC_REG_IsConversionOngoing
                0x00000000080016ee       0x26 ./Drivers/STM32L4xx_HAL_Driver/Src/stm32l4xx_hal_adc.o
 .text.LL_ADC_INJ_IsConversionOngoing
                0x0000000008001714       0x26 ./Drivers/STM32L4xx_HAL_Driver/Src/stm32l4xx_hal_adc.o
 *fill*         0x000000000800173a        0x2 
 .text.HAL_ADC_Init
                0x000000000800173c      0x2a0 ./Drivers/STM32L4xx_HAL_Driver/Src/stm32l4xx_hal_adc.o
                0x000000000800173c                HAL_ADC_Init
 .text.HAL_ADC_Start
                0x00000000080019dc      0x174 ./Drivers/STM32L4xx_HAL_Driver/Src/stm32l4xx_hal_adc.o
                0x00000000080019dc                HAL_ADC_Start
 .text.HAL_ADC_GetValue
                0x0000000008001b50       0x1a ./Drivers/STM32L4xx_HAL_Driver/Src/stm32l4xx_hal_adc.o
                0x0000000008001b50                HAL_ADC_GetValue
 *fill*         0x0000000008001b6a        0x2 
 .text.HAL_ADC_ConfigChannel
                0x0000000008001b6c      0x7e4 ./Drivers/STM32L4xx_HAL_Driver/Src/stm32l4xx_hal_adc.o
                0x0000000008001b6c                HAL_ADC_ConfigChannel
 .text.ADC_Enable
                0x0000000008002350      0x10c ./Drivers/STM32L4xx_HAL_Driver/Src/stm32l4xx_hal_adc.o
                0x0000000008002350                ADC_Enable
 .text.LL_ADC_IsEnabled
                0x000000000800245c       0x26 ./Drivers/STM32L4xx_HAL_Driver/Src/stm32l4xx_hal_adc_ex.o
 .text.LL_ADC_REG_IsConversionOngoing
                0x0000000008002482       0x26 ./Drivers/STM32L4xx_HAL_Driver/Src/stm32l4xx_hal_adc_ex.o
 .text.HAL_ADCEx_MultiModeConfigChannel
                0x00000000080024a8      0x160 ./Drivers/STM32L4xx_HAL_Driver/Src/stm32l4xx_hal_adc_ex.o
                0x00000000080024a8                HAL_ADCEx_MultiModeConfigChannel
 .text.__NVIC_SetPriorityGrouping
                0x0000000008002608       0x48 ./Drivers/STM32L4xx_HAL_Driver/Src/stm32l4xx_hal_cortex.o
 .text.__NVIC_GetPriorityGrouping
                0x0000000008002650       0x1c ./Drivers/STM32L4xx_HAL_Driver/Src/stm32l4xx_hal_cortex.o
 .text.__NVIC_EnableIRQ
                0x000000000800266c       0x3c ./Drivers/STM32L4xx_HAL_Driver/Src/stm32l4xx_hal_cortex.o
 .text.__NVIC_SetPriority
                0x00000000080026a8       0x54 ./Drivers/STM32L4xx_HAL_Driver/Src/stm32l4xx_hal_cortex.o
 .text.NVIC_EncodePriority
                0x00000000080026fc       0x66 ./Drivers/STM32L4xx_HAL_Driver/Src/stm32l4xx_hal_cortex.o
 *fill*         0x0000000008002762        0x2 
 .text.SysTick_Config
                0x0000000008002764       0x44 ./Drivers/STM32L4xx_HAL_Driver/Src/stm32l4xx_hal_cortex.o
 .text.HAL_NVIC_SetPriorityGrouping
                0x00000000080027a8       0x16 ./Drivers/STM32L4xx_HAL_Driver/Src/stm32l4xx_hal_cortex.o
                0x00000000080027a8                HAL_NVIC_SetPriorityGrouping
 .text.HAL_NVIC_SetPriority
                0x00000000080027be       0x38 ./Drivers/STM32L4xx_HAL_Driver/Src/stm32l4xx_hal_cortex.o
                0x00000000080027be                HAL_NVIC_SetPriority
 .text.HAL_NVIC_EnableIRQ
                0x00000000080027f6       0x1c ./Drivers/STM32L4xx_HAL_Driver/Src/stm32l4xx_hal_cortex.o
                0x00000000080027f6                HAL_NVIC_EnableIRQ
 .text.HAL_SYSTICK_Config
                0x0000000008002812       0x18 ./Drivers/STM32L4xx_HAL_Driver/Src/stm32l4xx_hal_cortex.o
                0x0000000008002812                HAL_SYSTICK_Config
 *fill*         0x000000000800282a        0x2 
 .text.HAL_GPIO_Init
                0x000000000800282c      0x354 ./Drivers/STM32L4xx_HAL_Driver/Src/stm32l4xx_hal_gpio.o
                0x000000000800282c                HAL_GPIO_Init
 .text.HAL_GPIO_WritePin
                0x0000000008002b80       0x30 ./Drivers/STM32L4xx_HAL_Driver/Src/stm32l4xx_hal_gpio.o
                0x0000000008002b80                HAL_GPIO_WritePin
 .text.HAL_PWREx_GetVoltageRange
                0x0000000008002bb0       0x1c ./Drivers/STM32L4xx_HAL_Driver/Src/stm32l4xx_hal_pwr_ex.o
                0x0000000008002bb0                HAL_PWREx_GetVoltageRange
 .text.HAL_PWREx_ControlVoltageScaling
                0x0000000008002bcc       0xac ./Drivers/STM32L4xx_HAL_Driver/Src/stm32l4xx_hal_pwr_ex.o
                0x0000000008002bcc                HAL_PWREx_ControlVoltageScaling
 .text.HAL_RCC_OscConfig
                0x0000000008002c78      0x7b8 ./Drivers/STM32L4xx_HAL_Driver/Src/stm32l4xx_hal_rcc.o
                0x0000000008002c78                HAL_RCC_OscConfig
 .text.HAL_RCC_ClockConfig
                0x0000000008003430      0x200 ./Drivers/STM32L4xx_HAL_Driver/Src/stm32l4xx_hal_rcc.o
                0x0000000008003430                HAL_RCC_ClockConfig
 .text.HAL_RCC_GetSysClockFreq
                0x0000000008003630      0x118 ./Drivers/STM32L4xx_HAL_Driver/Src/stm32l4xx_hal_rcc.o
                0x0000000008003630                HAL_RCC_GetSysClockFreq
 .text.RCC_SetFlashLatencyFromMSIRange
                0x0000000008003748       0xc0 ./Drivers/STM32L4xx_HAL_Driver/Src/stm32l4xx_hal_rcc.o
 .text.HAL_RCCEx_PeriphCLKConfig
                0x0000000008003808      0x5d4 ./Drivers/STM32L4xx_HAL_Driver/Src/stm32l4xx_hal_rcc_ex.o
                0x0000000008003808                HAL_RCCEx_PeriphCLKConfig
 .text.RCCEx_PLLSAI1_Config
                0x0000000008003ddc      0x1e8 ./Drivers/STM32L4xx_HAL_Driver/Src/stm32l4xx_hal_rcc_ex.o
 .text.RCCEx_PLLSAI2_Config
                0x0000000008003fc4      0x1bc ./Drivers/STM32L4xx_HAL_Driver/Src/stm32l4xx_hal_rcc_ex.o
 .text.HAL_SPI_Init
                0x0000000008004180      0x146 ./Drivers/STM32L4xx_HAL_Driver/Src/stm32l4xx_hal_spi.o
                0x0000000008004180                HAL_SPI_Init
 .text.HAL_SPI_Transmit
                0x00000000080042c6      0x2ea ./Drivers/STM32L4xx_HAL_Driver/Src/stm32l4xx_hal_spi.o
                0x00000000080042c6                HAL_SPI_Transmit
 .text.SPI_WaitFlagStateUntilTimeout
                0x00000000080045b0      0x110 ./Drivers/STM32L4xx_HAL_Driver/Src/stm32l4xx_hal_spi.o
 .text.SPI_WaitFifoStateUntilTimeout
                0x00000000080046c0      0x12c ./Drivers/STM32L4xx_HAL_Driver/Src/stm32l4xx_hal_spi.o
 .text.SPI_EndRxTxTransaction
                0x00000000080047ec       0x8c ./Drivers/STM32L4xx_HAL_Driver/Src/stm32l4xx_hal_spi.o
 .text.HAL_TIM_Base_Init
                0x0000000008004878       0xae ./Drivers/STM32L4xx_HAL_Driver/Src/stm32l4xx_hal_tim.o
                0x0000000008004878                HAL_TIM_Base_Init
 *fill*         0x0000000008004926        0x2 
 .text.HAL_TIM_Base_Start_IT
                0x0000000008004928       0xe0 ./Drivers/STM32L4xx_HAL_Driver/Src/stm32l4xx_hal_tim.o
                0x0000000008004928                HAL_TIM_Base_Start_IT
 .text.HAL_TIM_IRQHandler
                0x0000000008004a08      0x204 ./Drivers/STM32L4xx_HAL_Driver/Src/stm32l4xx_hal_tim.o
                0x0000000008004a08                HAL_TIM_IRQHandler
 .text.HAL_TIM_OC_DelayElapsedCallback
                0x0000000008004c0c       0x14 ./Drivers/STM32L4xx_HAL_Driver/Src/stm32l4xx_hal_tim.o
                0x0000000008004c0c                HAL_TIM_OC_DelayElapsedCallback
 .text.HAL_TIM_IC_CaptureCallback
                0x0000000008004c20       0x14 ./Drivers/STM32L4xx_HAL_Driver/Src/stm32l4xx_hal_tim.o
                0x0000000008004c20                HAL_TIM_IC_CaptureCallback
 .text.HAL_TIM_PWM_PulseFinishedCallback
                0x0000000008004c34       0x14 ./Drivers/STM32L4xx_HAL_Driver/Src/stm32l4xx_hal_tim.o
                0x0000000008004c34                HAL_TIM_PWM_PulseFinishedCallback
 .text.HAL_TIM_TriggerCallback
                0x0000000008004c48       0x14 ./Drivers/STM32L4xx_HAL_Driver/Src/stm32l4xx_hal_tim.o
                0x0000000008004c48                HAL_TIM_TriggerCallback
 .text.TIM_Base_SetConfig
                0x0000000008004c5c      0x134 ./Drivers/STM32L4xx_HAL_Driver/Src/stm32l4xx_hal_tim.o
                0x0000000008004c5c                TIM_Base_SetConfig
 .text.HAL_TIMEx_CommutCallback
                0x0000000008004d90       0x14 ./Drivers/STM32L4xx_HAL_Driver/Src/stm32l4xx_hal_tim_ex.o
                0x0000000008004d90                HAL_TIMEx_CommutCallback
 .text.HAL_TIMEx_BreakCallback
                0x0000000008004da4       0x14 ./Drivers/STM32L4xx_HAL_Driver/Src/stm32l4xx_hal_tim_ex.o
                0x0000000008004da4                HAL_TIMEx_BreakCallback
 .text.HAL_TIMEx_Break2Callback
                0x0000000008004db8       0x14 ./Drivers/STM32L4xx_HAL_Driver/Src/stm32l4xx_hal_tim_ex.o
                0x0000000008004db8                HAL_TIMEx_Break2Callback
 .text.memset   0x0000000008004dcc       0x10 C:/ST/STM32CubeIDE_1.13.2/STM32CubeIDE/plugins/com.st.stm32cube.ide.mcu.externaltools.gnu-tools-for-stm32.11.3.rel1.win32_1.1.1.202309131626/tools/bin/../lib/gcc/arm-none-eabi/11.3.1/../../../../arm-none-eabi/lib/thumb/v7e-m+fp/hard\libc_nano.a(libc_a-memset.o)
                0x0000000008004dcc                memset
 .text.__libc_init_array
                0x0000000008004ddc       0x48 C:/ST/STM32CubeIDE_1.13.2/STM32CubeIDE/plugins/com.st.stm32cube.ide.mcu.externaltools.gnu-tools-for-stm32.11.3.rel1.win32_1.1.1.202309131626/tools/bin/../lib/gcc/arm-none-eabi/11.3.1/../../../../arm-none-eabi/lib/thumb/v7e-m+fp/hard\libc_nano.a(libc_a-init.o)
                0x0000000008004ddc                __libc_init_array
 *(.glue_7)
 .glue_7        0x0000000008004e24        0x0 linker stubs
 *(.glue_7t)
 .glue_7t       0x0000000008004e24        0x0 linker stubs
 *(.eh_frame)
 .eh_frame      0x0000000008004e24        0x0 C:/ST/STM32CubeIDE_1.13.2/STM32CubeIDE/plugins/com.st.stm32cube.ide.mcu.externaltools.gnu-tools-for-stm32.11.3.rel1.win32_1.1.1.202309131626/tools/bin/../lib/gcc/arm-none-eabi/11.3.1/thumb/v7e-m+fp/hard/crtbegin.o
 *(.init)
 .init          0x0000000008004e24        0x4 C:/ST/STM32CubeIDE_1.13.2/STM32CubeIDE/plugins/com.st.stm32cube.ide.mcu.externaltools.gnu-tools-for-stm32.11.3.rel1.win32_1.1.1.202309131626/tools/bin/../lib/gcc/arm-none-eabi/11.3.1/thumb/v7e-m+fp/hard/crti.o
                0x0000000008004e24                _init
 .init          0x0000000008004e28        0x8 C:/ST/STM32CubeIDE_1.13.2/STM32CubeIDE/plugins/com.st.stm32cube.ide.mcu.externaltools.gnu-tools-for-stm32.11.3.rel1.win32_1.1.1.202309131626/tools/bin/../lib/gcc/arm-none-eabi/11.3.1/thumb/v7e-m+fp/hard/crtn.o
 *(.fini)
 .fini          0x0000000008004e30        0x4 C:/ST/STM32CubeIDE_1.13.2/STM32CubeIDE/plugins/com.st.stm32cube.ide.mcu.externaltools.gnu-tools-for-stm32.11.3.rel1.win32_1.1.1.202309131626/tools/bin/../lib/gcc/arm-none-eabi/11.3.1/thumb/v7e-m+fp/hard/crti.o
                0x0000000008004e30                _fini
 .fini          0x0000000008004e34        0x8 C:/ST/STM32CubeIDE_1.13.2/STM32CubeIDE/plugins/com.st.stm32cube.ide.mcu.externaltools.gnu-tools-for-stm32.11.3.rel1.win32_1.1.1.202309131626/tools/bin/../lib/gcc/arm-none-eabi/11.3.1/thumb/v7e-m+fp/hard/crtn.o
                0x0000000008004e3c                . = ALIGN (0x4)
                0x0000000008004e3c                _etext = .

.vfp11_veneer   0x0000000008004e3c        0x0
 .vfp11_veneer  0x0000000008004e3c        0x0 linker stubs

.v4_bx          0x0000000008004e3c        0x0
 .v4_bx         0x0000000008004e3c        0x0 linker stubs

.iplt           0x0000000008004e3c        0x0
 .iplt          0x0000000008004e3c        0x0 C:/ST/STM32CubeIDE_1.13.2/STM32CubeIDE/plugins/com.st.stm32cube.ide.mcu.externaltools.gnu-tools-for-stm32.11.3.rel1.win32_1.1.1.202309131626/tools/bin/../lib/gcc/arm-none-eabi/11.3.1/thumb/v7e-m+fp/hard/crtbegin.o

.rodata         0x0000000008004e3c      0x138
                0x0000000008004e3c                . = ALIGN (0x4)
 *(.rodata)
 *(.rodata*)
 .rodata.AHBPrescTable
                0x0000000008004e3c       0x10 ./Core/Src/system_stm32l4xx.o
                0x0000000008004e3c                AHBPrescTable
 .rodata.MSIRangeTable
                0x0000000008004e4c       0x30 ./Core/Src/system_stm32l4xx.o
                0x0000000008004e4c                MSIRangeTable
 .rodata._ZL6pixels
                0x0000000008004e7c        0x8 ./Core/objects/screen.o
 .rodata._ZL17number_font_table
                0x0000000008004e84       0x3c ./Core/objects/screen.o
 .rodata._ZL10font_table
                0x0000000008004ec0       0xb4 ./Core/objects/screen.o
                0x0000000008004f74                . = ALIGN (0x4)

.rel.dyn        0x0000000008004f74        0x0
 .rel.iplt      0x0000000008004f74        0x0 C:/ST/STM32CubeIDE_1.13.2/STM32CubeIDE/plugins/com.st.stm32cube.ide.mcu.externaltools.gnu-tools-for-stm32.11.3.rel1.win32_1.1.1.202309131626/tools/bin/../lib/gcc/arm-none-eabi/11.3.1/thumb/v7e-m+fp/hard/crtbegin.o

.ARM.extab      0x0000000008004f74        0x0
                0x0000000008004f74                . = ALIGN (0x4)
 *(.ARM.extab* .gnu.linkonce.armextab.*)
                0x0000000008004f74                . = ALIGN (0x4)

.ARM            0x0000000008004f74        0x0
                0x0000000008004f74                . = ALIGN (0x4)
                0x0000000008004f74                __exidx_start = .
 *(.ARM.exidx*)
                0x0000000008004f74                __exidx_end = .
                0x0000000008004f74                . = ALIGN (0x4)

.preinit_array  0x0000000008004f74        0x0
                0x0000000008004f74                . = ALIGN (0x4)
                0x0000000008004f74                PROVIDE (__preinit_array_start = .)
 *(.preinit_array*)
                0x0000000008004f74                PROVIDE (__preinit_array_end = .)
                0x0000000008004f74                . = ALIGN (0x4)

.init_array     0x0000000008004f74        0x8
                0x0000000008004f74                . = ALIGN (0x4)
                0x0000000008004f74                PROVIDE (__init_array_start = .)
 *(SORT_BY_NAME(.init_array.*))
 *(.init_array*)
 .init_array    0x0000000008004f74        0x4 C:/ST/STM32CubeIDE_1.13.2/STM32CubeIDE/plugins/com.st.stm32cube.ide.mcu.externaltools.gnu-tools-for-stm32.11.3.rel1.win32_1.1.1.202309131626/tools/bin/../lib/gcc/arm-none-eabi/11.3.1/thumb/v7e-m+fp/hard/crtbegin.o
 .init_array    0x0000000008004f78        0x4 ./Core/Src/main.o
                0x0000000008004f7c                PROVIDE (__init_array_end = .)
                0x0000000008004f7c                . = ALIGN (0x4)

.fini_array     0x0000000008004f7c        0x4
                0x0000000008004f7c                . = ALIGN (0x4)
                [!provide]                        PROVIDE (__fini_array_start = .)
 *(SORT_BY_NAME(.fini_array.*))
 *(.fini_array*)
 .fini_array    0x0000000008004f7c        0x4 C:/ST/STM32CubeIDE_1.13.2/STM32CubeIDE/plugins/com.st.stm32cube.ide.mcu.externaltools.gnu-tools-for-stm32.11.3.rel1.win32_1.1.1.202309131626/tools/bin/../lib/gcc/arm-none-eabi/11.3.1/thumb/v7e-m+fp/hard/crtbegin.o
                [!provide]                        PROVIDE (__fini_array_end = .)
                0x0000000008004f80                . = ALIGN (0x4)
                0x0000000008004f80                _sidata = LOADADDR (.data)

.data           0x0000000020000000       0x10 load address 0x0000000008004f80
                0x0000000020000000                . = ALIGN (0x4)
                0x0000000020000000                _sdata = .
 *(.data)
 *(.data*)
 .data.score    0x0000000020000000        0x4 ./Core/Src/main.o
                0x0000000020000000                score
 .data.SystemCoreClock
                0x0000000020000004        0x4 ./Core/Src/system_stm32l4xx.o
                0x0000000020000004                SystemCoreClock
 .data.uwTickPrio
                0x0000000020000008        0x4 ./Drivers/STM32L4xx_HAL_Driver/Src/stm32l4xx_hal.o
                0x0000000020000008                uwTickPrio
 .data.uwTickFreq
                0x000000002000000c        0x1 ./Drivers/STM32L4xx_HAL_Driver/Src/stm32l4xx_hal.o
                0x000000002000000c                uwTickFreq
 *(.RamFunc)
 *(.RamFunc*)
                0x0000000020000010                . = ALIGN (0x4)
 *fill*         0x000000002000000d        0x3 
                0x0000000020000010                _edata = .

.igot.plt       0x0000000020000010        0x0 load address 0x0000000008004f90
 .igot.plt      0x0000000020000010        0x0 C:/ST/STM32CubeIDE_1.13.2/STM32CubeIDE/plugins/com.st.stm32cube.ide.mcu.externaltools.gnu-tools-for-stm32.11.3.rel1.win32_1.1.1.202309131626/tools/bin/../lib/gcc/arm-none-eabi/11.3.1/thumb/v7e-m+fp/hard/crtbegin.o
                0x0000000020000010                . = ALIGN (0x4)

.bss            0x0000000020000010      0x3a4 load address 0x0000000008004f90
                0x0000000020000010                _sbss = .
                0x0000000020000010                __bss_start__ = _sbss
 *(.bss)
 .bss           0x0000000020000010       0x1c C:/ST/STM32CubeIDE_1.13.2/STM32CubeIDE/plugins/com.st.stm32cube.ide.mcu.externaltools.gnu-tools-for-stm32.11.3.rel1.win32_1.1.1.202309131626/tools/bin/../lib/gcc/arm-none-eabi/11.3.1/thumb/v7e-m+fp/hard/crtbegin.o
 *(.bss*)
 .bss.hadc1     0x000000002000002c       0x64 ./Core/Src/main.o
                0x000000002000002c                hadc1
 .bss.hadc3     0x0000000020000090       0x64 ./Core/Src/main.o
                0x0000000020000090                hadc3
 .bss.hspi1     0x00000000200000f4       0x64 ./Core/Src/main.o
                0x00000000200000f4                hspi1
 .bss.htim16    0x0000000020000158       0x4c ./Core/Src/main.o
                0x0000000020000158                htim16
 .bss.tim_counter
                0x00000000200001a4        0x4 ./Core/Src/main.o
                0x00000000200001a4                tim_counter
 .bss.screen    0x00000000200001a8      0x1fc ./Core/Src/main.o
                0x00000000200001a8                screen
 .bss.input     0x00000000200003a4        0x8 ./Core/Src/main.o
                0x00000000200003a4                input
 .bss.HAL_RCC_ADC_CLK_ENABLED
                0x00000000200003ac        0x4 ./Core/Src/stm32l4xx_hal_msp.o
 .bss.uwTick    0x00000000200003b0        0x4 ./Drivers/STM32L4xx_HAL_Driver/Src/stm32l4xx_hal.o
                0x00000000200003b0                uwTick
 *(COMMON)
                0x00000000200003b4                . = ALIGN (0x4)
                0x00000000200003b4                _ebss = .
                0x00000000200003b4                __bss_end__ = _ebss

._user_heap_stack
                0x00000000200003b4      0x604 load address 0x0000000008004f90
                0x00000000200003b8                . = ALIGN (0x8)
 *fill*         0x00000000200003b4        0x4 
                [!provide]                        PROVIDE (end = .)
                0x00000000200003b8                PROVIDE (_end = .)
                0x00000000200005b8                . = (. + _Min_Heap_Size)
 *fill*         0x00000000200003b8      0x200 
                0x00000000200009b8                . = (. + _Min_Stack_Size)
 *fill*         0x00000000200005b8      0x400 
                0x00000000200009b8                . = ALIGN (0x8)

/DISCARD/
 libc.a(*)
 libm.a(*)
 libgcc.a(*)

.ARM.attributes
                0x0000000000000000       0x30
 *(.ARM.attributes)
 .ARM.attributes
                0x0000000000000000       0x1e C:/ST/STM32CubeIDE_1.13.2/STM32CubeIDE/plugins/com.st.stm32cube.ide.mcu.externaltools.gnu-tools-for-stm32.11.3.rel1.win32_1.1.1.202309131626/tools/bin/../lib/gcc/arm-none-eabi/11.3.1/thumb/v7e-m+fp/hard/crti.o
 .ARM.attributes
                0x000000000000001e       0x34 C:/ST/STM32CubeIDE_1.13.2/STM32CubeIDE/plugins/com.st.stm32cube.ide.mcu.externaltools.gnu-tools-for-stm32.11.3.rel1.win32_1.1.1.202309131626/tools/bin/../lib/gcc/arm-none-eabi/11.3.1/thumb/v7e-m+fp/hard/crtbegin.o
 .ARM.attributes
                0x0000000000000052       0x34 ./Core/Src/main.o
 .ARM.attributes
                0x0000000000000086       0x34 ./Core/Src/stm32l4xx_hal_msp.o
 .ARM.attributes
                0x00000000000000ba       0x34 ./Core/Src/stm32l4xx_it.o
 .ARM.attributes
                0x00000000000000ee       0x34 ./Core/Src/system_stm32l4xx.o
 .ARM.attributes
                0x0000000000000122       0x21 ./Core/Startup/startup_stm32l476rgtx.o
 .ARM.attributes
                0x0000000000000143       0x34 ./Core/objects/input.o
 .ARM.attributes
                0x0000000000000177       0x34 ./Core/objects/screen.o
 .ARM.attributes
                0x00000000000001ab       0x34 ./Drivers/STM32L4xx_HAL_Driver/Src/stm32l4xx_hal.o
 .ARM.attributes
                0x00000000000001df       0x34 ./Drivers/STM32L4xx_HAL_Driver/Src/stm32l4xx_hal_adc.o
 .ARM.attributes
                0x0000000000000213       0x34 ./Drivers/STM32L4xx_HAL_Driver/Src/stm32l4xx_hal_adc_ex.o
 .ARM.attributes
                0x0000000000000247       0x34 ./Drivers/STM32L4xx_HAL_Driver/Src/stm32l4xx_hal_cortex.o
 .ARM.attributes
                0x000000000000027b       0x34 ./Drivers/STM32L4xx_HAL_Driver/Src/stm32l4xx_hal_gpio.o
 .ARM.attributes
                0x00000000000002af       0x34 ./Drivers/STM32L4xx_HAL_Driver/Src/stm32l4xx_hal_pwr_ex.o
 .ARM.attributes
                0x00000000000002e3       0x34 ./Drivers/STM32L4xx_HAL_Driver/Src/stm32l4xx_hal_rcc.o
 .ARM.attributes
                0x0000000000000317       0x34 ./Drivers/STM32L4xx_HAL_Driver/Src/stm32l4xx_hal_rcc_ex.o
 .ARM.attributes
                0x000000000000034b       0x34 ./Drivers/STM32L4xx_HAL_Driver/Src/stm32l4xx_hal_spi.o
 .ARM.attributes
                0x000000000000037f       0x34 ./Drivers/STM32L4xx_HAL_Driver/Src/stm32l4xx_hal_tim.o
 .ARM.attributes
                0x00000000000003b3       0x34 ./Drivers/STM32L4xx_HAL_Driver/Src/stm32l4xx_hal_tim_ex.o
 .ARM.attributes
                0x00000000000003e7       0x34 C:/ST/STM32CubeIDE_1.13.2/STM32CubeIDE/plugins/com.st.stm32cube.ide.mcu.externaltools.gnu-tools-for-stm32.11.3.rel1.win32_1.1.1.202309131626/tools/bin/../lib/gcc/arm-none-eabi/11.3.1/../../../../arm-none-eabi/lib/thumb/v7e-m+fp/hard\libc_nano.a(libc_a-memset.o)
 .ARM.attributes
                0x000000000000041b       0x34 C:/ST/STM32CubeIDE_1.13.2/STM32CubeIDE/plugins/com.st.stm32cube.ide.mcu.externaltools.gnu-tools-for-stm32.11.3.rel1.win32_1.1.1.202309131626/tools/bin/../lib/gcc/arm-none-eabi/11.3.1/../../../../arm-none-eabi/lib/thumb/v7e-m+fp/hard\libc_nano.a(libc_a-init.o)
 .ARM.attributes
                0x000000000000044f       0x1e C:/ST/STM32CubeIDE_1.13.2/STM32CubeIDE/plugins/com.st.stm32cube.ide.mcu.externaltools.gnu-tools-for-stm32.11.3.rel1.win32_1.1.1.202309131626/tools/bin/../lib/gcc/arm-none-eabi/11.3.1/thumb/v7e-m+fp/hard/crtn.o
OUTPUT(Final_OOP.elf elf32-littlearm)
LOAD linker stubs
LOAD C:/ST/STM32CubeIDE_1.13.2/STM32CubeIDE/plugins/com.st.stm32cube.ide.mcu.externaltools.gnu-tools-for-stm32.11.3.rel1.win32_1.1.1.202309131626/tools/bin/../lib/gcc/arm-none-eabi/11.3.1/../../../../arm-none-eabi/lib/thumb/v7e-m+fp/hard\libc.a
LOAD C:/ST/STM32CubeIDE_1.13.2/STM32CubeIDE/plugins/com.st.stm32cube.ide.mcu.externaltools.gnu-tools-for-stm32.11.3.rel1.win32_1.1.1.202309131626/tools/bin/../lib/gcc/arm-none-eabi/11.3.1/../../../../arm-none-eabi/lib/thumb/v7e-m+fp/hard\libm.a
LOAD C:/ST/STM32CubeIDE_1.13.2/STM32CubeIDE/plugins/com.st.stm32cube.ide.mcu.externaltools.gnu-tools-for-stm32.11.3.rel1.win32_1.1.1.202309131626/tools/bin/../lib/gcc/arm-none-eabi/11.3.1/thumb/v7e-m+fp/hard\libgcc.a

.comment        0x0000000000000000       0x43
 .comment       0x0000000000000000       0x43 C:/ST/STM32CubeIDE_1.13.2/STM32CubeIDE/plugins/com.st.stm32cube.ide.mcu.externaltools.gnu-tools-for-stm32.11.3.rel1.win32_1.1.1.202309131626/tools/bin/../lib/gcc/arm-none-eabi/11.3.1/thumb/v7e-m+fp/hard/crtbegin.o
                                         0x44 (size before relaxing)
 .comment       0x0000000000000043       0x44 ./Core/Src/main.o
 .comment       0x0000000000000043       0x44 ./Core/Src/stm32l4xx_hal_msp.o
 .comment       0x0000000000000043       0x44 ./Core/Src/stm32l4xx_it.o
 .comment       0x0000000000000043       0x44 ./Core/Src/system_stm32l4xx.o
 .comment       0x0000000000000043       0x44 ./Core/objects/input.o
 .comment       0x0000000000000043       0x44 ./Core/objects/screen.o
 .comment       0x0000000000000043       0x44 ./Drivers/STM32L4xx_HAL_Driver/Src/stm32l4xx_hal.o
 .comment       0x0000000000000043       0x44 ./Drivers/STM32L4xx_HAL_Driver/Src/stm32l4xx_hal_adc.o
 .comment       0x0000000000000043       0x44 ./Drivers/STM32L4xx_HAL_Driver/Src/stm32l4xx_hal_adc_ex.o
 .comment       0x0000000000000043       0x44 ./Drivers/STM32L4xx_HAL_Driver/Src/stm32l4xx_hal_cortex.o
 .comment       0x0000000000000043       0x44 ./Drivers/STM32L4xx_HAL_Driver/Src/stm32l4xx_hal_gpio.o
 .comment       0x0000000000000043       0x44 ./Drivers/STM32L4xx_HAL_Driver/Src/stm32l4xx_hal_pwr_ex.o
 .comment       0x0000000000000043       0x44 ./Drivers/STM32L4xx_HAL_Driver/Src/stm32l4xx_hal_rcc.o
 .comment       0x0000000000000043       0x44 ./Drivers/STM32L4xx_HAL_Driver/Src/stm32l4xx_hal_rcc_ex.o
 .comment       0x0000000000000043       0x44 ./Drivers/STM32L4xx_HAL_Driver/Src/stm32l4xx_hal_spi.o
 .comment       0x0000000000000043       0x44 ./Drivers/STM32L4xx_HAL_Driver/Src/stm32l4xx_hal_tim.o
 .comment       0x0000000000000043       0x44 ./Drivers/STM32L4xx_HAL_Driver/Src/stm32l4xx_hal_tim_ex.o

.debug_info     0x0000000000000000    0x12d62
 .debug_info    0x0000000000000000     0x1f50 ./Core/Src/main.o
 .debug_info    0x0000000000001f50     0x14f8 ./Core/Src/stm32l4xx_hal_msp.o
 .debug_info    0x0000000000003448      0x708 ./Core/Src/stm32l4xx_it.o
 .debug_info    0x0000000000003b50      0x5b1 ./Core/Src/system_stm32l4xx.o
 .debug_info    0x0000000000004101       0x23 ./Core/Startup/startup_stm32l476rgtx.o
 .debug_info    0x0000000000004124      0x998 ./Core/objects/input.o
 .debug_info    0x0000000000004abc      0xe09 ./Core/objects/screen.o
 .debug_info    0x00000000000058c5      0xc09 ./Drivers/STM32L4xx_HAL_Driver/Src/stm32l4xx_hal.o
 .debug_info    0x00000000000064ce     0x1db8 ./Drivers/STM32L4xx_HAL_Driver/Src/stm32l4xx_hal_adc.o
 .debug_info    0x0000000000008286     0x1b24 ./Drivers/STM32L4xx_HAL_Driver/Src/stm32l4xx_hal_adc_ex.o
 .debug_info    0x0000000000009daa      0xd4c ./Drivers/STM32L4xx_HAL_Driver/Src/stm32l4xx_hal_cortex.o
 .debug_info    0x000000000000aaf6      0x757 ./Drivers/STM32L4xx_HAL_Driver/Src/stm32l4xx_hal_gpio.o
 .debug_info    0x000000000000b24d      0x99e ./Drivers/STM32L4xx_HAL_Driver/Src/stm32l4xx_hal_pwr_ex.o
 .debug_info    0x000000000000bbeb      0xc14 ./Drivers/STM32L4xx_HAL_Driver/Src/stm32l4xx_hal_rcc.o
 .debug_info    0x000000000000c7ff      0xe11 ./Drivers/STM32L4xx_HAL_Driver/Src/stm32l4xx_hal_rcc_ex.o
 .debug_info    0x000000000000d610     0x161a ./Drivers/STM32L4xx_HAL_Driver/Src/stm32l4xx_hal_spi.o
 .debug_info    0x000000000000ec2a     0x2a9a ./Drivers/STM32L4xx_HAL_Driver/Src/stm32l4xx_hal_tim.o
 .debug_info    0x00000000000116c4     0x169e ./Drivers/STM32L4xx_HAL_Driver/Src/stm32l4xx_hal_tim_ex.o

.debug_abbrev   0x0000000000000000     0x297e
 .debug_abbrev  0x0000000000000000      0x453 ./Core/Src/main.o
 .debug_abbrev  0x0000000000000453      0x1fe ./Core/Src/stm32l4xx_hal_msp.o
 .debug_abbrev  0x0000000000000651      0x193 ./Core/Src/stm32l4xx_it.o
 .debug_abbrev  0x00000000000007e4      0x11a ./Core/Src/system_stm32l4xx.o
 .debug_abbrev  0x00000000000008fe       0x12 ./Core/Startup/startup_stm32l476rgtx.o
 .debug_abbrev  0x0000000000000910      0x207 ./Core/objects/input.o
 .debug_abbrev  0x0000000000000b17      0x294 ./Core/objects/screen.o
 .debug_abbrev  0x0000000000000dab      0x243 ./Drivers/STM32L4xx_HAL_Driver/Src/stm32l4xx_hal.o
 .debug_abbrev  0x0000000000000fee      0x2de ./Drivers/STM32L4xx_HAL_Driver/Src/stm32l4xx_hal_adc.o
 .debug_abbrev  0x00000000000012cc      0x2f1 ./Drivers/STM32L4xx_HAL_Driver/Src/stm32l4xx_hal_adc_ex.o
 .debug_abbrev  0x00000000000015bd      0x327 ./Drivers/STM32L4xx_HAL_Driver/Src/stm32l4xx_hal_cortex.o
 .debug_abbrev  0x00000000000018e4      0x1cb ./Drivers/STM32L4xx_HAL_Driver/Src/stm32l4xx_hal_gpio.o
 .debug_abbrev  0x0000000000001aaf      0x1f9 ./Drivers/STM32L4xx_HAL_Driver/Src/stm32l4xx_hal_pwr_ex.o
 .debug_abbrev  0x0000000000001ca8      0x2cb ./Drivers/STM32L4xx_HAL_Driver/Src/stm32l4xx_hal_rcc.o
 .debug_abbrev  0x0000000000001f73      0x2a6 ./Drivers/STM32L4xx_HAL_Driver/Src/stm32l4xx_hal_rcc_ex.o
 .debug_abbrev  0x0000000000002219      0x26a ./Drivers/STM32L4xx_HAL_Driver/Src/stm32l4xx_hal_spi.o
 .debug_abbrev  0x0000000000002483      0x278 ./Drivers/STM32L4xx_HAL_Driver/Src/stm32l4xx_hal_tim.o
 .debug_abbrev  0x00000000000026fb      0x283 ./Drivers/STM32L4xx_HAL_Driver/Src/stm32l4xx_hal_tim_ex.o

.debug_aranges  0x0000000000000000     0x12c0
 .debug_aranges
                0x0000000000000000       0x88 ./Core/Src/main.o
 .debug_aranges
                0x0000000000000088       0x50 ./Core/Src/stm32l4xx_hal_msp.o
 .debug_aranges
                0x00000000000000d8       0x68 ./Core/Src/stm32l4xx_it.o
 .debug_aranges
                0x0000000000000140       0x28 ./Core/Src/system_stm32l4xx.o
 .debug_aranges
                0x0000000000000168       0x28 ./Core/Startup/startup_stm32l476rgtx.o
 .debug_aranges
                0x0000000000000190       0x50 ./Core/objects/input.o
 .debug_aranges
                0x00000000000001e0       0x90 ./Core/objects/screen.o
 .debug_aranges
                0x0000000000000270      0x130 ./Drivers/STM32L4xx_HAL_Driver/Src/stm32l4xx_hal.o
 .debug_aranges
                0x00000000000003a0      0x220 ./Drivers/STM32L4xx_HAL_Driver/Src/stm32l4xx_hal_adc.o
 .debug_aranges
                0x00000000000005c0      0x1a8 ./Drivers/STM32L4xx_HAL_Driver/Src/stm32l4xx_hal_adc_ex.o
 .debug_aranges
                0x0000000000000768      0x118 ./Drivers/STM32L4xx_HAL_Driver/Src/stm32l4xx_hal_cortex.o
 .debug_aranges
                0x0000000000000880       0x58 ./Drivers/STM32L4xx_HAL_Driver/Src/stm32l4xx_hal_gpio.o
 .debug_aranges
                0x00000000000008d8      0x160 ./Drivers/STM32L4xx_HAL_Driver/Src/stm32l4xx_hal_pwr_ex.o
 .debug_aranges
                0x0000000000000a38       0x90 ./Drivers/STM32L4xx_HAL_Driver/Src/stm32l4xx_hal_rcc.o
 .debug_aranges
                0x0000000000000ac8       0xc0 ./Drivers/STM32L4xx_HAL_Driver/Src/stm32l4xx_hal_rcc_ex.o
 .debug_aranges
                0x0000000000000b88      0x1d8 ./Drivers/STM32L4xx_HAL_Driver/Src/stm32l4xx_hal_spi.o
 .debug_aranges
                0x0000000000000d60      0x3e0 ./Drivers/STM32L4xx_HAL_Driver/Src/stm32l4xx_hal_tim.o
 .debug_aranges
                0x0000000000001140      0x180 ./Drivers/STM32L4xx_HAL_Driver/Src/stm32l4xx_hal_tim_ex.o

.debug_rnglists
                0x0000000000000000      0xe85
 .debug_rnglists
                0x0000000000000000       0x67 ./Core/Src/main.o
 .debug_rnglists
                0x0000000000000067       0x3a ./Core/Src/stm32l4xx_hal_msp.o
 .debug_rnglists
                0x00000000000000a1       0x49 ./Core/Src/stm32l4xx_it.o
 .debug_rnglists
                0x00000000000000ea       0x1a ./Core/Src/system_stm32l4xx.o
 .debug_rnglists
                0x0000000000000104       0x19 ./Core/Startup/startup_stm32l476rgtx.o
 .debug_rnglists
                0x000000000000011d       0x37 ./Core/objects/input.o
 .debug_rnglists
                0x0000000000000154       0x68 ./Core/objects/screen.o
 .debug_rnglists
                0x00000000000001bc       0xdf ./Drivers/STM32L4xx_HAL_Driver/Src/stm32l4xx_hal.o
 .debug_rnglists
                0x000000000000029b      0x1b1 ./Drivers/STM32L4xx_HAL_Driver/Src/stm32l4xx_hal_adc.o
 .debug_rnglists
                0x000000000000044c      0x148 ./Drivers/STM32L4xx_HAL_Driver/Src/stm32l4xx_hal_adc_ex.o
 .debug_rnglists
                0x0000000000000594       0xce ./Drivers/STM32L4xx_HAL_Driver/Src/stm32l4xx_hal_cortex.o
 .debug_rnglists
                0x0000000000000662       0x3f ./Drivers/STM32L4xx_HAL_Driver/Src/stm32l4xx_hal_gpio.o
 .debug_rnglists
                0x00000000000006a1      0x109 ./Drivers/STM32L4xx_HAL_Driver/Src/stm32l4xx_hal_pwr_ex.o
 .debug_rnglists
                0x00000000000007aa       0x6d ./Drivers/STM32L4xx_HAL_Driver/Src/stm32l4xx_hal_rcc.o
 .debug_rnglists
                0x0000000000000817       0x95 ./Drivers/STM32L4xx_HAL_Driver/Src/stm32l4xx_hal_rcc_ex.o
 .debug_rnglists
                0x00000000000008ac      0x178 ./Drivers/STM32L4xx_HAL_Driver/Src/stm32l4xx_hal_spi.o
 .debug_rnglists
                0x0000000000000a24      0x328 ./Drivers/STM32L4xx_HAL_Driver/Src/stm32l4xx_hal_tim.o
 .debug_rnglists
                0x0000000000000d4c      0x139 ./Drivers/STM32L4xx_HAL_Driver/Src/stm32l4xx_hal_tim_ex.o

.debug_macro    0x0000000000000000    0x299d1
 .debug_macro   0x0000000000000000      0x247 ./Core/Src/main.o
 .debug_macro   0x0000000000000247      0xb80 ./Core/Src/main.o
 .debug_macro   0x0000000000000dc7      0x1ad ./Core/Src/main.o
 .debug_macro   0x0000000000000f74       0x2e ./Core/Src/main.o
 .debug_macro   0x0000000000000fa2       0x28 ./Core/Src/main.o
 .debug_macro   0x0000000000000fca       0x1c ./Core/Src/main.o
 .debug_macro   0x0000000000000fe6       0x22 ./Core/Src/main.o
 .debug_macro   0x0000000000001008       0x8e ./Core/Src/main.o
 .debug_macro   0x0000000000001096       0x51 ./Core/Src/main.o
 .debug_macro   0x00000000000010e7      0x103 ./Core/Src/main.o
 .debug_macro   0x00000000000011ea       0x6a ./Core/Src/main.o
 .debug_macro   0x0000000000001254      0x1df ./Core/Src/main.o
 .debug_macro   0x0000000000001433       0x1c ./Core/Src/main.o
 .debug_macro   0x000000000000144f       0x22 ./Core/Src/main.o
 .debug_macro   0x0000000000001471       0xfb ./Core/Src/main.o
 .debug_macro   0x000000000000156c     0x1011 ./Core/Src/main.o
 .debug_macro   0x000000000000257d      0x11f ./Core/Src/main.o
 .debug_macro   0x000000000000269c    0x1a17a ./Core/Src/main.o
 .debug_macro   0x000000000001c816       0x6d ./Core/Src/main.o
 .debug_macro   0x000000000001c883     0x38e6 ./Core/Src/main.o
 .debug_macro   0x0000000000020169      0x17b ./Core/Src/main.o
 .debug_macro   0x00000000000202e4       0x5c ./Core/Src/main.o
 .debug_macro   0x0000000000020340     0x159e ./Core/Src/main.o
 .debug_macro   0x00000000000218de      0x5a5 ./Core/Src/main.o
 .debug_macro   0x0000000000021e83      0x1b9 ./Core/Src/main.o
 .debug_macro   0x000000000002203c      0x18b ./Core/Src/main.o
 .debug_macro   0x00000000000221c7      0x26b ./Core/Src/main.o
 .debug_macro   0x0000000000022432      0x23d ./Core/Src/main.o
 .debug_macro   0x000000000002266f      0xf91 ./Core/Src/main.o
 .debug_macro   0x0000000000023600      0x632 ./Core/Src/main.o
 .debug_macro   0x0000000000023c32      0x30c ./Core/Src/main.o
 .debug_macro   0x0000000000023f3e      0x241 ./Core/Src/main.o
 .debug_macro   0x000000000002417f      0x37c ./Core/Src/main.o
 .debug_macro   0x00000000000244fb       0xd6 ./Core/Src/main.o
 .debug_macro   0x00000000000245d1      0x122 ./Core/Src/main.o
 .debug_macro   0x00000000000246f3      0x3ef ./Core/Src/main.o
 .debug_macro   0x0000000000024ae2      0x2fe ./Core/Src/main.o
 .debug_macro   0x0000000000024de0      0xa98 ./Core/Src/main.o
 .debug_macro   0x0000000000025878      0x1e6 ./Core/Src/main.o
 .debug_macro   0x0000000000025a5e      0x330 ./Core/Src/main.o
 .debug_macro   0x0000000000025d8e       0x28 ./Core/Src/main.o
 .debug_macro   0x0000000000025db6       0x3a ./Core/Src/main.o
 .debug_macro   0x0000000000025df0      0x1f3 ./Core/Src/stm32l4xx_hal_msp.o
 .debug_macro   0x0000000000025fe3      0xaa8 ./Core/Src/stm32l4xx_hal_msp.o
 .debug_macro   0x0000000000026a8b     0x1011 ./Core/Src/stm32l4xx_hal_msp.o
 .debug_macro   0x0000000000027a9c      0x174 ./Core/Src/stm32l4xx_hal_msp.o
 .debug_macro   0x0000000000027c10      0x1fd ./Core/Src/stm32l4xx_it.o
 .debug_macro   0x0000000000027e0d      0x1e4 ./Core/Src/system_stm32l4xx.o
 .debug_macro   0x0000000000027ff1      0x1ff ./Core/objects/input.o
 .debug_macro   0x00000000000281f0      0x1f2 ./Core/objects/screen.o
 .debug_macro   0x00000000000283e2      0x232 ./Drivers/STM32L4xx_HAL_Driver/Src/stm32l4xx_hal.o
 .debug_macro   0x0000000000028614      0x201 ./Drivers/STM32L4xx_HAL_Driver/Src/stm32l4xx_hal_adc.o
 .debug_macro   0x0000000000028815      0x1f0 ./Drivers/STM32L4xx_HAL_Driver/Src/stm32l4xx_hal_adc_ex.o
 .debug_macro   0x0000000000028a05      0x1e4 ./Drivers/STM32L4xx_HAL_Driver/Src/stm32l4xx_hal_cortex.o
 .debug_macro   0x0000000000028be9      0x1eb ./Drivers/STM32L4xx_HAL_Driver/Src/stm32l4xx_hal_gpio.o
 .debug_macro   0x0000000000028dd4      0x208 ./Drivers/STM32L4xx_HAL_Driver/Src/stm32l4xx_hal_pwr_ex.o
 .debug_macro   0x0000000000028fdc      0x226 ./Drivers/STM32L4xx_HAL_Driver/Src/stm32l4xx_hal_rcc.o
 .debug_macro   0x0000000000029202      0x21a ./Drivers/STM32L4xx_HAL_Driver/Src/stm32l4xx_hal_rcc_ex.o
 .debug_macro   0x000000000002941c      0x1ec ./Drivers/STM32L4xx_HAL_Driver/Src/stm32l4xx_hal_spi.o
 .debug_macro   0x0000000000029608      0x1e5 ./Drivers/STM32L4xx_HAL_Driver/Src/stm32l4xx_hal_tim.o
 .debug_macro   0x00000000000297ed      0x1e4 ./Drivers/STM32L4xx_HAL_Driver/Src/stm32l4xx_hal_tim_ex.o

.debug_line     0x0000000000000000    0x143bf
 .debug_line    0x0000000000000000      0xbe4 ./Core/Src/main.o
 .debug_line    0x0000000000000be4      0x8af ./Core/Src/stm32l4xx_hal_msp.o
 .debug_line    0x0000000000001493      0x867 ./Core/Src/stm32l4xx_it.o
 .debug_line    0x0000000000001cfa      0x824 ./Core/Src/system_stm32l4xx.o
 .debug_line    0x000000000000251e       0x7a ./Core/Startup/startup_stm32l476rgtx.o
 .debug_line    0x0000000000002598      0x8a4 ./Core/objects/input.o
 .debug_line    0x0000000000002e3c      0xa1f ./Core/objects/screen.o
 .debug_line    0x000000000000385b      0xb7d ./Drivers/STM32L4xx_HAL_Driver/Src/stm32l4xx_hal.o
 .debug_line    0x00000000000043d8     0x1f89 ./Drivers/STM32L4xx_HAL_Driver/Src/stm32l4xx_hal_adc.o
 .debug_line    0x0000000000006361     0x19ad ./Drivers/STM32L4xx_HAL_Driver/Src/stm32l4xx_hal_adc_ex.o
 .debug_line    0x0000000000007d0e      0xd23 ./Drivers/STM32L4xx_HAL_Driver/Src/stm32l4xx_hal_cortex.o
 .debug_line    0x0000000000008a31      0xbf0 ./Drivers/STM32L4xx_HAL_Driver/Src/stm32l4xx_hal_gpio.o
 .debug_line    0x0000000000009621      0xd74 ./Drivers/STM32L4xx_HAL_Driver/Src/stm32l4xx_hal_pwr_ex.o
 .debug_line    0x000000000000a395      0xff3 ./Drivers/STM32L4xx_HAL_Driver/Src/stm32l4xx_hal_rcc.o
 .debug_line    0x000000000000b388     0x156d ./Drivers/STM32L4xx_HAL_Driver/Src/stm32l4xx_hal_rcc_ex.o
 .debug_line    0x000000000000c8f5     0x1fe9 ./Drivers/STM32L4xx_HAL_Driver/Src/stm32l4xx_hal_spi.o
 .debug_line    0x000000000000e8de     0x3e56 ./Drivers/STM32L4xx_HAL_Driver/Src/stm32l4xx_hal_tim.o
 .debug_line    0x0000000000012734     0x1c8b ./Drivers/STM32L4xx_HAL_Driver/Src/stm32l4xx_hal_tim_ex.o

.debug_str      0x0000000000000000    0xff8d5
 .debug_str     0x0000000000000000    0xfadd8 ./Core/Src/main.o
                                      0xfb75f (size before relaxing)
 .debug_str     0x00000000000fadd8      0x757 ./Core/Src/stm32l4xx_hal_msp.o
                                      0xfa90a (size before relaxing)
 .debug_str     0x00000000000fb52f       0xf5 ./Core/Src/stm32l4xx_it.o
                                      0xf9dbe (size before relaxing)
 .debug_str     0x00000000000fb624       0xf2 ./Core/Src/system_stm32l4xx.o
                                      0xf9990 (size before relaxing)
 .debug_str     0x00000000000fb716       0x34 ./Core/Startup/startup_stm32l476rgtx.o
                                         0x7a (size before relaxing)
 .debug_str     0x00000000000fb74a       0x67 ./Core/objects/input.o
                                      0xfa344 (size before relaxing)
 .debug_str     0x00000000000fb7b1       0x5c ./Core/objects/screen.o
                                      0xfa5d6 (size before relaxing)
 .debug_str     0x00000000000fb80d      0x633 ./Drivers/STM32L4xx_HAL_Driver/Src/stm32l4xx_hal.o
                                      0xfa58f (size before relaxing)
 .debug_str     0x00000000000fbe40      0xa6d ./Drivers/STM32L4xx_HAL_Driver/Src/stm32l4xx_hal_adc.o
                                      0xfa7d7 (size before relaxing)
 .debug_str     0x00000000000fc8ad      0x665 ./Drivers/STM32L4xx_HAL_Driver/Src/stm32l4xx_hal_adc_ex.o
                                      0xfa780 (size before relaxing)
 .debug_str     0x00000000000fcf12      0x314 ./Drivers/STM32L4xx_HAL_Driver/Src/stm32l4xx_hal_cortex.o
                                      0xfa1d7 (size before relaxing)
 .debug_str     0x00000000000fd226      0x128 ./Drivers/STM32L4xx_HAL_Driver/Src/stm32l4xx_hal_gpio.o
                                      0xf9b09 (size before relaxing)
 .debug_str     0x00000000000fd34e      0x4d3 ./Drivers/STM32L4xx_HAL_Driver/Src/stm32l4xx_hal_pwr_ex.o
                                      0xf9eeb (size before relaxing)
 .debug_str     0x00000000000fd821      0x33a ./Drivers/STM32L4xx_HAL_Driver/Src/stm32l4xx_hal_rcc.o
                                      0xf9fd6 (size before relaxing)
 .debug_str     0x00000000000fdb5b      0x3bf ./Drivers/STM32L4xx_HAL_Driver/Src/stm32l4xx_hal_rcc_ex.o
                                      0xfa14f (size before relaxing)
 .debug_str     0x00000000000fdf1a      0x57c ./Drivers/STM32L4xx_HAL_Driver/Src/stm32l4xx_hal_spi.o
                                      0xfa1b1 (size before relaxing)
 .debug_str     0x00000000000fe496      0xe3b ./Drivers/STM32L4xx_HAL_Driver/Src/stm32l4xx_hal_tim.o
                                      0xfacd0 (size before relaxing)
 .debug_str     0x00000000000ff2d1      0x604 ./Drivers/STM32L4xx_HAL_Driver/Src/stm32l4xx_hal_tim_ex.o
                                      0xfa5e4 (size before relaxing)

.debug_frame    0x0000000000000000     0x4fdc
 .debug_frame   0x0000000000000000      0x1e4 ./Core/Src/main.o
 .debug_frame   0x00000000000001e4      0x110 ./Core/Src/stm32l4xx_hal_msp.o
 .debug_frame   0x00000000000002f4      0x120 ./Core/Src/stm32l4xx_it.o
 .debug_frame   0x0000000000000414       0x58 ./Core/Src/system_stm32l4xx.o
 .debug_frame   0x000000000000046c      0x10c ./Core/objects/input.o
 .debug_frame   0x0000000000000578      0x230 ./Core/objects/screen.o
 .debug_frame   0x00000000000007a8      0x498 ./Drivers/STM32L4xx_HAL_Driver/Src/stm32l4xx_hal.o
 .debug_frame   0x0000000000000c40      0xa04 ./Drivers/STM32L4xx_HAL_Driver/Src/stm32l4xx_hal_adc.o
 .debug_frame   0x0000000000001644      0x7a4 ./Drivers/STM32L4xx_HAL_Driver/Src/stm32l4xx_hal_adc_ex.o
 .debug_frame   0x0000000000001de8      0x498 ./Drivers/STM32L4xx_HAL_Driver/Src/stm32l4xx_hal_cortex.o
 .debug_frame   0x0000000000002280      0x14c ./Drivers/STM32L4xx_HAL_Driver/Src/stm32l4xx_hal_gpio.o
 .debug_frame   0x00000000000023cc      0x584 ./Drivers/STM32L4xx_HAL_Driver/Src/stm32l4xx_hal_pwr_ex.o
 .debug_frame   0x0000000000002950      0x21c ./Drivers/STM32L4xx_HAL_Driver/Src/stm32l4xx_hal_rcc.o
 .debug_frame   0x0000000000002b6c      0x2fc ./Drivers/STM32L4xx_HAL_Driver/Src/stm32l4xx_hal_rcc_ex.o
 .debug_frame   0x0000000000002e68      0x860 ./Drivers/STM32L4xx_HAL_Driver/Src/stm32l4xx_hal_spi.o
 .debug_frame   0x00000000000036c8     0x1218 ./Drivers/STM32L4xx_HAL_Driver/Src/stm32l4xx_hal_tim.o
 .debug_frame   0x00000000000048e0      0x6b0 ./Drivers/STM32L4xx_HAL_Driver/Src/stm32l4xx_hal_tim_ex.o
 .debug_frame   0x0000000000004f90       0x20 C:/ST/STM32CubeIDE_1.13.2/STM32CubeIDE/plugins/com.st.stm32cube.ide.mcu.externaltools.gnu-tools-for-stm32.11.3.rel1.win32_1.1.1.202309131626/tools/bin/../lib/gcc/arm-none-eabi/11.3.1/../../../../arm-none-eabi/lib/thumb/v7e-m+fp/hard\libc_nano.a(libc_a-memset.o)
 .debug_frame   0x0000000000004fb0       0x2c C:/ST/STM32CubeIDE_1.13.2/STM32CubeIDE/plugins/com.st.stm32cube.ide.mcu.externaltools.gnu-tools-for-stm32.11.3.rel1.win32_1.1.1.202309131626/tools/bin/../lib/gcc/arm-none-eabi/11.3.1/../../../../arm-none-eabi/lib/thumb/v7e-m+fp/hard\libc_nano.a(libc_a-init.o)

.debug_line_str
                0x0000000000000000       0x6e
 .debug_line_str
                0x0000000000000000       0x6e ./Core/Startup/startup_stm32l476rgtx.o
                                         0x86 (size before relaxing)
